NRF:server: done with one-way test
NRF:	total time= 
NRF:	total sent messages=1000
NRF:	total sent bytes=4000 bandwidth=
NRF:client: done with one-way test
NRF:	total time= 
NRF:	total received messages=1000
NRF:	total received bytes=4000 bandwidth=
